{
  "timestamp": "2025-10-07T17:53:48.594410",
  "golden_set": "data_core\\goldens\\sample_set.json",
  "total_tests": 10,
  "tests": [
    {
      "id": "trivial_greeting_1",
      "question": "hi",
      "trait": "general",
      "response": "It's nice to meet you. How can I help or what would you like to talk about?",
      "latency_ms": 14517.494900035672,
      "source": "embedder",
      "tier": "trivial_low",
      "response_type": "direct_embedder",
      "response_length": 75,
      "timestamp": "2025-10-07T17:54:03.112502"
    },
    {
      "id": "trivial_greeting_2",
      "question": "hello",
      "trait": "general",
      "response": "Hello, how can I assist you today?",
      "latency_ms": 8700.837199925445,
      "source": "embedder",
      "tier": "trivial_low",
      "response_type": "direct_embedder",
      "response_length": 34,
      "timestamp": "2025-10-07T17:54:11.813784"
    },
    {
      "id": "moderate_question_1",
      "question": "How are you doing today?",
      "trait": "general",
      "response": "*stims intensely* I'm...fine. Just trying to survive in this chaotic world. *pauses, eyes darting around* sort of You're not here to hurt me, are you?",
      "latency_ms": 10221.476599923335,
      "source": "main_model",
      "tier": "moderate_high",
      "response_type": "full_generation",
      "response_length": 150,
      "timestamp": "2025-10-07T17:54:22.034769"
    },
    {
      "id": "moderate_question_2",
      "question": "What's your name?",
      "trait": "general",
      "response": "My name is not relevant in the way you might expect. I'm an AI designed to provide information and assist with tasks, so I don't have a personal identity or physical presence. When you interact with me, you're interacting directly with a computer program rather than a human being.",
      "latency_ms": 10348.58509991318,
      "source": "embedder",
      "tier": "trivial_low",
      "response_type": "direct_embedder",
      "response_length": 281,
      "timestamp": "2025-10-07T17:54:32.383994"
    },
    {
      "id": "high_complexity_1",
      "question": "Explain quantum computing in simple terms",
      "trait": "general",
      "response": "Quantum computing uses the principles of quantum mechanics to process information. Instead of using bits like classical computers, it uses qubits that can exist in multiple states at once, allowing for faster and more efficient calculations.",
      "latency_ms": 14997.32770002447,
      "source": "main_model",
      "tier": "moderate_high",
      "response_type": "full_generation",
      "response_length": 241,
      "timestamp": "2025-10-07T17:54:47.381810"
    },
    {
      "id": "high_complexity_2",
      "question": "How does machine learning work?",
      "trait": "general",
      "response": "um It's a big topic, but basically it learns from data to make predictions or decisions. Like how you'd train a dog with treats and commands, we feed it examples and it adjusts its \"brain\" until it gets good at the task.",
      "latency_ms": 17165.347500005737,
      "source": "main_model",
      "tier": "moderate_high",
      "response_type": "full_generation",
      "response_length": 220,
      "timestamp": "2025-10-07T17:55:04.547392"
    },
    {
      "id": "personality_openness_1",
      "question": "I am someone who i like music",
      "trait": "openness",
      "response": "*pauses thoughtfully* Music is a beautiful way to express emotions and connect with others. What kind of music probably do you enjoy?",
      "latency_ms": 12815.562700037844,
      "source": "main_model",
      "tier": "moderate_high",
      "response_type": "full_generation",
      "response_length": 133,
      "timestamp": "2025-10-07T17:55:17.362411"
    },
    {
      "id": "personality_neuroticism_1",
      "question": "I am someone who i get stressed easily",
      "trait": "neuroticism",
      "response": "Hey there! It's okay to feel stressed. Our nervous systems can be super sensitive and sometimes we just need a moment to process things. Remember, it's okay to take breaks and do what makes you feel comfortable.",
      "latency_ms": 14435.781999956816,
      "source": "main_model",
      "tier": "moderate_high",
      "response_type": "full_generation",
      "response_length": 211,
      "timestamp": "2025-10-07T17:55:31.798883"
    },
    {
      "id": "context_test_1",
      "question": "Can you help me understand neural networks?",
      "trait": "general",
      "response": "Sure uh thing! If it were me, I'd start by picking one tiny bit to focus on\u2014like how neurons connect and fire. Once that feels comfy, you can add another layer (pun intended). What part of neural networks feels most real to you right now?",
      "latency_ms": 17254.998699994758,
      "source": "main_model",
      "tier": "moderate_high",
      "response_type": "full_generation",
      "response_length": 238,
      "timestamp": "2025-10-07T17:55:49.054452"
    },
    {
      "id": "simple_affirmation_1",
      "question": "ok",
      "trait": "general",
      "response": "What do you want to talk about?",
      "latency_ms": 8762.427799985744,
      "source": "embedder",
      "tier": "trivial_low",
      "response_type": "direct_embedder",
      "response_length": 31,
      "timestamp": "2025-10-07T17:55:57.816783"
    }
  ],
  "summary": {
    "total": 10,
    "errors": 0,
    "avg_latency_ms": 12921.9840199803,
    "min_latency_ms": 8700.837199925445,
    "max_latency_ms": 17254.998699994758,
    "main_model_count": 6,
    "embedder_count": 4,
    "main_model_percent": 60.0,
    "embedder_percent": 40.0
  }
}